// Jest Snapshot v1, https://goo.gl/fbAQLP

exports[`RocketItem should render with given state from Redux store 1`] = `
<div
  className="container mx-auto px-3 py-3 flex gap-10 flex-col md:flex-row"
>
  <div
    className="col-span-2 w-full md:w-2/12"
  >
    <img
      className="w-full h-auto object-cover"
    />
  </div>
  <div
    className="col-span-7 w-full  md:w-10/12 mt-4 md:mt-0 ml-3"
  >
    <h3
      className="capitalize text-lg font-semibold"
    />
    <p
      className="title"
    />
    <button
      className="bg-[#017bfe] mt-2 text-white rounded py-2 px-4"
      onClick={[Function]}
      type="button"
    >
      Reserve rocket
    </button>
  </div>
</div>
`;
